// Jest Snapshot v1, https://goo.gl/fbAQLP

exports[`render style guide story 1`] = `
"This guide provides you with everything you need to know about the text editor and page styles. It may change, depending on the added themes or possible updates.
# Images
## Story cover picture
You can add a cover picture to any stories.
By clicking on the wheel next to the save button on the &quot;Edit&quot; page, you will open the settings section.
In this column, you will be able to add a cover picture.
![](https://i.goopics.net/kwlWG.jpg)This is a full width image.
For now, we recommend you use an image host such [Goopics](https://goopics.net/).
Don&#39;t worry, **we will add a picture uploader very soon.**
<br>

## Image gallery
_Coming soon..._
<br>

# This is an H1
Quisque facilisis erat a dui. Nam malesuada ornare dolor. Cras gravida, diam sit amet rhoncus ornare, erat elit consectetuer erat, id egestas pede nibh eget odio. Proin tincidunt, velit vel porta elementum, magna diam molestie sapien, non aliquet massa pede eu diam. Aliquam iaculis. Fusce et ipsum et nulla tristique facilisis.
## 
This is an H2
Lorem ipsum dolor sit amet, consectetuer adipiscing elit. Morbi commodo, ipsum sed pharetra gravida, orci magna rhoncus neque, id pulvinar odio lorem non turpis. Nullam sit amet enim. Suspendisse id velit vitae ligula volutpat condimentum. Aliquam erat volutpat. Sed quis velit. Nulla facilisi. Nulla libero.
<br>

### This is an H3
Aliquam sodales neque at diam efficitur, eu venenatis ipsum dapibus. Maecenas id condimentum ligula. Fusce purus odio, malesuada tincidunt sapien vel, fringilla pulvinar eros. Class aptent taciti sociosqu ad litora torquent per conubia nostra, per inceptos himenaeos. Aenean ipsum felis, aliquam ut purus id, cursus laoreet sem.
<br>

# Drop cap
_Coming soon..._
<br>

# Quoting
> Lorem ipsum dolor sit amet, consectetuer adipiscing elit. Morbi commodo, ipsum sed pharetra gravida, orci magna rhoncus neque, id pulvinar odio lorem non turpis. Nullam sit amet enim. Suspendisse id velit vitae ligula volutpat condimentum. Aliquam erat volutpat. Sed quis velit. Nulla facilisi. Nulla libero.

<br>

# Code Blocks
_Coming soon..._
You will be able to customize your theme by adding code lines in this section.
Available very soon.
<br>

# Lists
## Unordered Lists
You can create unordered lists, typically rendered as a bulleted list.

- Lorem ipsum dolor sit amet, consectetur adipiscing elit.
Vestibulum luctus elit ut metus feugiat maximus.
Morbi tempus purus.
- Integer sagittis ex at odio feugiat lobortis.
- Ut sit amet quam ac erat sollicitudin laoreet ornare ac neque.
Praesent dignissim nulla interdum, venenatis mi eget, eleifend urna.
- Maecenas egestas est eget fringilla mollis.
- Cras et nisl ut enim pellentesque dignissim.

## 
Ordered Lists
You also can create ordered lists, typically rendered as a numbered list.

1. Lorem ipsum dolor sit amet, consectetur adipiscing elit.
Vestibulum luctus elit ut metus feugiat maximus.
Morbi tempus purus.
1. Integer sagittis ex at odio feugiat lobortis.
1. Ut sit amet quam ac erat sollicitudin laoreet ornare ac neque.
Praesent dignissim nulla interdum, venenatis mi eget, eleifend urna.
1. Maecenas egestas est eget fringilla mollis.
1. Cras et nisl ut enim pellentesque dignissim.

<br>

# Text edition
Of course, you can edit your text at any moment and make it **bold**, _italic_ or ~~underlined~~.
You can use shortcuts for that: 

- Bold: ctrl+b (cmd+b on mac)
- Italic: ctrl+i (cmd+i on mac)
- Underlined: ctrl+u (cmd+u on mac)

<br>

## Links
Easily add links to your text by highlighting it and clicking on the [&quot;link&quot;](https://app.sigle.io/sigleapp.id.blockstack/L7I4iV6bYQ8WYvuT3RcoM) button in the text editor.
<br>

# Videos
_Coming soon..._
# 
Audio
_Coming soon..._

Don&#39;t forget to share your blog with us by mentioning [@sigleapp](https://twitter.com/sigleapp) on Twitter! ðŸ™‚
"
`;
